127.0.0.1 - - [05/Dec/2019:12:18:22 +0530] "GET / HTTP/1.1" 404 1074
127.0.0.1 - - [05/Dec/2019:12:20:08 +0530] "GET / HTTP/1.1" 404 1074
0:0:0:0:0:0:0:1 - - [05/Dec/2019:12:20:51 +0530] "GET / HTTP/1.1" 404 1074
0:0:0:0:0:0:0:1 - - [05/Dec/2019:12:20:51 +0530] "GET /favicon.ico HTTP/1.1" 404 1085
0:0:0:0:0:0:0:1 - - [05/Dec/2019:12:21:18 +0530] "GET /librarymanagementsystem HTTP/1.1" 404 1097
127.0.0.1 - - [05/Dec/2019:16:08:46 +0530] "GET / HTTP/1.1" 404 1074
127.0.0.1 - - [05/Dec/2019:16:10:52 +0530] "GET / HTTP/1.1" 404 1074
0:0:0:0:0:0:0:1 - - [05/Dec/2019:16:11:02 +0530] "GET /librarymanagementsystem/1/7411024475 HTTP/1.1" 500 10363
0:0:0:0:0:0:0:1 - - [05/Dec/2019:16:20:25 +0530] "GET /librarymanagementsystem/1/7411024475 HTTP/1.1" 404 1047
127.0.0.1 - - [05/Dec/2019:16:27:46 +0530] "GET / HTTP/1.1" 404 1074
0:0:0:0:0:0:0:1 - - [05/Dec/2019:16:28:04 +0530] "GET /librarymanagementsystem/1/7411024475 HTTP/1.1" 404 1047
0:0:0:0:0:0:0:1 - - [05/Dec/2019:16:29:37 +0530] "GET /librarymanagementsystem/login/1/7411024475 HTTP/1.1" 200 89
0:0:0:0:0:0:0:1 - - [05/Dec/2019:16:35:17 +0530] "POST /librarymanagementsystem/add HTTP/1.1" 400 1127
0:0:0:0:0:0:0:1 - - [05/Dec/2019:16:35:30 +0530] "POST /librarymanagementsystem/add HTTP/1.1" 200 92
127.0.0.1 - - [05/Dec/2019:16:38:33 +0530] "GET / HTTP/1.1" 404 1074
0:0:0:0:0:0:0:1 - - [05/Dec/2019:16:39:42 +0530] "POST /librarymanagementsystem/add HTTP/1.1" 200 92
0:0:0:0:0:0:0:1 - - [05/Dec/2019:16:39:56 +0530] "POST /librarymanagementsystem/add HTTP/1.1" 200 96
127.0.0.1 - - [05/Dec/2019:17:26:49 +0530] "GET / HTTP/1.1" 404 1074
0:0:0:0:0:0:0:1 - - [05/Dec/2019:17:27:28 +0530] "GET /librarymanagementsystem/login/1/7411024475 HTTP/1.1" 200 89
0:0:0:0:0:0:0:1 - - [05/Dec/2019:17:28:27 +0530] "POST /librarymanagementsystem/add-student HTTP/1.1" 200 100
0:0:0:0:0:0:0:1 - - [05/Dec/2019:17:38:19 +0530] "POST /librarymanagementsystem/add-librarian HTTP/1.1" 200 106
0:0:0:0:0:0:0:1 - - [05/Dec/2019:17:40:15 +0530] "POST /librarymanagementsystem/add-librarian HTTP/1.1" 200 106
0:0:0:0:0:0:0:1 - - [05/Dec/2019:17:45:06 +0530] "POST /librarymanagementsystem/add-librarian HTTP/1.1" 200 106
0:0:0:0:0:0:0:1 - - [05/Dec/2019:17:53:28 +0530] "POST /librarymanagementsystem/add-librarian HTTP/1.1" 200 106
0:0:0:0:0:0:0:1 - - [05/Dec/2019:17:54:49 +0530] "POST /librarymanagementsystem/add-librarian HTTP/1.1" 200 106
127.0.0.1 - - [05/Dec/2019:17:55:51 +0530] "GET / HTTP/1.1" 404 1074
127.0.0.1 - - [05/Dec/2019:17:56:15 +0530] "GET / HTTP/1.1" 404 1074
0:0:0:0:0:0:0:1 - - [05/Dec/2019:17:56:30 +0530] "POST /librarymanagementsystem/add-librarian HTTP/1.1" 200 102
127.0.0.1 - - [05/Dec/2019:18:35:17 +0530] "GET / HTTP/1.1" 404 1074
127.0.0.1 - - [05/Dec/2019:18:43:52 +0530] "GET / HTTP/1.1" 404 1074
0:0:0:0:0:0:0:1 - - [05/Dec/2019:18:45:20 +0530] "POST /librarymanagementsystem/add-librarian HTTP/1.1" 200 102
127.0.0.1 - - [05/Dec/2019:19:07:09 +0530] "GET / HTTP/1.1" 404 1074
0:0:0:0:0:0:0:1 - - [05/Dec/2019:19:08:26 +0530] "DELETE /librarymanagementsystem/delete-student/4 HTTP/1.1" 200 104
0:0:0:0:0:0:0:1 - - [05/Dec/2019:19:10:09 +0530] "DELETE /librarymanagementsystem/delete-librarian/6 HTTP/1.1" 200 106
0:0:0:0:0:0:0:1 - - [05/Dec/2019:19:10:37 +0530] "DELETE /librarymanagementsystem/delete-librarian/6 HTTP/1.1" 200 110
127.0.0.1 - - [05/Dec/2019:21:40:48 +0530] "GET / HTTP/1.1" 404 1074
0:0:0:0:0:0:0:1 - - [05/Dec/2019:21:42:06 +0530] "GET /librarymanagementsystem/search-student/1 HTTP/1.1" 200 351
0:0:0:0:0:0:0:1 - - [05/Dec/2019:21:42:23 +0530] "GET /librarymanagementsystem/search-student/2 HTTP/1.1" 200 348
0:0:0:0:0:0:0:1 - - [05/Dec/2019:21:42:47 +0530] "GET /librarymanagementsystem/search-allstudent HTTP/1.1" 200 582
127.0.0.1 - - [05/Dec/2019:22:09:00 +0530] "GET / HTTP/1.1" 404 1074
0:0:0:0:0:0:0:1 - - [05/Dec/2019:22:10:46 +0530] "PUT /librarymanagementsystem/update-student HTTP/1.1" 200 121
0:0:0:0:0:0:0:1 - - [05/Dec/2019:22:11:28 +0530] "GET /librarymanagementsystem/search-allstudent HTTP/1.1" 200 592
0:0:0:0:0:0:0:1 - - [05/Dec/2019:22:13:06 +0530] "PUT /librarymanagementsystem/update-student HTTP/1.1" 200 121
127.0.0.1 - - [05/Dec/2019:22:55:47 +0530] "GET / HTTP/1.1" 404 1074
0:0:0:0:0:0:0:1 - - [05/Dec/2019:22:56:24 +0530] "POST /librarymanagementsystem/login/1/7411024475 HTTP/1.1" 500 17381
127.0.0.1 - - [05/Dec/2019:23:01:07 +0530] "GET / HTTP/1.1" 404 1074
0:0:0:0:0:0:0:1 - - [05/Dec/2019:23:01:47 +0530] "GET /librarymanagementsystem/login/1/1234567890 HTTP/1.1" 500 17381
127.0.0.1 - - [05/Dec/2019:23:08:59 +0530] "GET / HTTP/1.1" 404 1074
0:0:0:0:0:0:0:1 - - [05/Dec/2019:23:13:14 +0530] "GET /librarymanagementsystem/login/1/1234567890 HTTP/1.1" 500 17381
0:0:0:0:0:0:0:1 - - [05/Dec/2019:23:15:48 +0530] "GET /librarymanagementsystem/login-student/1/1234567890 HTTP/1.1" 500 17381
127.0.0.1 - - [05/Dec/2019:23:16:01 +0530] "GET / HTTP/1.1" 404 1074
0:0:0:0:0:0:0:1 - - [05/Dec/2019:23:16:53 +0530] "GET /librarymanagementsystem/login-student/1/1234567890 HTTP/1.1" 500 17381
127.0.0.1 - - [05/Dec/2019:23:24:06 +0530] "GET / HTTP/1.1" 404 1074
0:0:0:0:0:0:0:1 - - [05/Dec/2019:23:24:37 +0530] "GET /librarymanagementsystem/login-student/1/1234567890 HTTP/1.1" 500 17381
0:0:0:0:0:0:0:1 - - [05/Dec/2019:23:38:40 +0530] "GET /librarymanagementsystem/login-student?studentId=1&studentPassword=1234567890 HTTP/1.1" 500 17381
