127.0.0.1 - - [07/Dec/2019:00:12:18 +0530] "GET / HTTP/1.1" 404 1074
127.0.0.1 - - [07/Dec/2019:00:13:02 +0530] "GET / HTTP/1.1" 404 1074
127.0.0.1 - - [07/Dec/2019:00:15:51 +0530] "GET / HTTP/1.1" 404 1074
0:0:0:0:0:0:0:1 - - [07/Dec/2019:00:16:46 +0530] "DELETE /librarymanagementsystem/login-admin/1/1234567890 HTTP/1.1" 500 19873
0:0:0:0:0:0:0:1 - - [07/Dec/2019:00:17:53 +0530] "GET /librarymanagementsystem/login-admin/1/1234567890 HTTP/1.1" 500 19873
127.0.0.1 - - [07/Dec/2019:00:19:54 +0530] "GET / HTTP/1.1" 404 1074
0:0:0:0:0:0:0:1 - - [07/Dec/2019:00:20:09 +0530] "GET /librarymanagementsystem/login-admin/1/1234567890 HTTP/1.1" 500 18457
127.0.0.1 - - [07/Dec/2019:00:22:43 +0530] "GET / HTTP/1.1" 404 1074
0:0:0:0:0:0:0:1 - - [07/Dec/2019:00:22:56 +0530] "GET /librarymanagementsystem/login-admin/1/1234567890 HTTP/1.1" 200 105
127.0.0.1 - - [07/Dec/2019:00:26:39 +0530] "GET / HTTP/1.1" 404 1074
127.0.0.1 - - [07/Dec/2019:08:33:58 +0530] "GET / HTTP/1.1" 404 1074
127.0.0.1 - - [07/Dec/2019:08:34:34 +0530] "GET / HTTP/1.1" 404 1074
0:0:0:0:0:0:0:1 - - [07/Dec/2019:08:35:08 +0530] "GET /librarymanagementsystem/user-login/1/1234567890 HTTP/1.1" 404 1047
127.0.0.1 - - [07/Dec/2019:08:36:48 +0530] "GET / HTTP/1.1" 404 1074
0:0:0:0:0:0:0:1 - - [07/Dec/2019:08:37:04 +0530] "GET /librarymanagementsystem/user-login/1/1234567890 HTTP/1.1" 404 1047
0:0:0:0:0:0:0:1 - - [07/Dec/2019:08:37:32 +0530] "GET /librarymanagementsystem/user-login/1/1234567890 HTTP/1.1" 404 1047
0:0:0:0:0:0:0:1 - - [07/Dec/2019:08:37:33 +0530] "GET /librarymanagementsystem/user-login/1/1234567890 HTTP/1.1" 404 1047
0:0:0:0:0:0:0:1 - - [07/Dec/2019:08:37:48 +0530] "GET /librarymanagementsystem/login-admin/1/1234567890 HTTP/1.1" 200 106
127.0.0.1 - - [07/Dec/2019:08:38:55 +0530] "GET / HTTP/1.1" 404 1074
127.0.0.1 - - [07/Dec/2019:08:39:08 +0530] "GET / HTTP/1.1" 404 1074
0:0:0:0:0:0:0:1 - - [07/Dec/2019:08:39:32 +0530] "GET /librarymanagementsystem/user-login/1/1234567890 HTTP/1.1" 404 1047
0:0:0:0:0:0:0:1 - - [07/Dec/2019:08:39:42 +0530] "GET /librarymanagementsystem/user-login/1/1234567890 HTTP/1.1" 404 1047
0:0:0:0:0:0:0:1 - - [07/Dec/2019:08:39:47 +0530] "POST /librarymanagementsystem/user-login/1/1234567890 HTTP/1.1" 404 1047
0:0:0:0:0:0:0:1 - - [07/Dec/2019:08:39:48 +0530] "POST /librarymanagementsystem/user-login/1/1234567890 HTTP/1.1" 404 1047
127.0.0.1 - - [07/Dec/2019:08:40:18 +0530] "GET / HTTP/1.1" 404 1074
0:0:0:0:0:0:0:1 - - [07/Dec/2019:08:40:44 +0530] "POST /librarymanagementsystem/login-admin/1/1234567890 HTTP/1.1" 405 1115
0:0:0:0:0:0:0:1 - - [07/Dec/2019:08:40:55 +0530] "POST /librarymanagementsystem/login-admin/1/1234567890 HTTP/1.1" 405 1115
0:0:0:0:0:0:0:1 - - [07/Dec/2019:08:40:56 +0530] "POST /librarymanagementsystem/login-admin/1/1234567890 HTTP/1.1" 405 1115
0:0:0:0:0:0:0:1 - - [07/Dec/2019:08:41:13 +0530] "GET /librarymanagementsystem/login-admin/1/1234567890 HTTP/1.1" 200 106
0:0:0:0:0:0:0:1 - - [07/Dec/2019:08:45:31 +0530] "POST /librarymanagementsystem/add-student HTTP/1.1" 200 120
0:0:0:0:0:0:0:1 - - [07/Dec/2019:08:46:12 +0530] "POST /librarymanagementsystem/add-student HTTP/1.1" 200 120
0:0:0:0:0:0:0:1 - - [07/Dec/2019:08:46:51 +0530] "POST /librarymanagementsystem/add-student HTTP/1.1" 200 116
0:0:0:0:0:0:0:1 - - [07/Dec/2019:08:47:25 +0530] "POST /librarymanagementsystem/add-student HTTP/1.1" 200 116
0:0:0:0:0:0:0:1 - - [07/Dec/2019:08:48:19 +0530] "POST /librarymanagementsystem/add-librarian HTTP/1.1" 200 118
0:0:0:0:0:0:0:1 - - [07/Dec/2019:08:49:07 +0530] "POST /librarymanagementsystem/delete-student/3 HTTP/1.1" 405 1115
0:0:0:0:0:0:0:1 - - [07/Dec/2019:08:49:13 +0530] "DELETE /librarymanagementsystem/delete-student/3 HTTP/1.1" 200 120
0:0:0:0:0:0:0:1 - - [07/Dec/2019:08:49:35 +0530] "DELETE /librarymanagementsystem/delete-librarian/4 HTTP/1.1" 200 122
0:0:0:0:0:0:0:1 - - [07/Dec/2019:08:49:57 +0530] "DELETE /librarymanagementsystem/delete-librarian/2 HTTP/1.1" 200 122
0:0:0:0:0:0:0:1 - - [07/Dec/2019:08:51:02 +0530] "POST /librarymanagementsystem/add-student HTTP/1.1" 200 116
0:0:0:0:0:0:0:1 - - [07/Dec/2019:08:51:53 +0530] "POST /librarymanagementsystem/add-librarian HTTP/1.1" 200 118
0:0:0:0:0:0:0:1 - - [07/Dec/2019:08:52:18 +0530] "POST /librarymanagementsystem/delete-student/3 HTTP/1.1" 405 1115
0:0:0:0:0:0:0:1 - - [07/Dec/2019:08:52:27 +0530] "DELETE /librarymanagementsystem/delete-student/3 HTTP/1.1" 200 120
0:0:0:0:0:0:0:1 - - [07/Dec/2019:08:53:05 +0530] "DELETE /librarymanagementsystem/search-student/2 HTTP/1.1" 404 1047
0:0:0:0:0:0:0:1 - - [07/Dec/2019:08:53:14 +0530] "GET /librarymanagementsystem/search-student/2 HTTP/1.1" 404 1047
0:0:0:0:0:0:0:1 - - [07/Dec/2019:08:53:26 +0530] "GET /librarymanagementsystem/search-Student/2 HTTP/1.1" 404 1047
0:0:0:0:0:0:0:1 - - [07/Dec/2019:08:54:30 +0530] "GET /librarymanagementsystem/search-student/Student HTTP/1.1" 404 1047
0:0:0:0:0:0:0:1 - - [07/Dec/2019:08:54:33 +0530] "GET /librarymanagementsystem/search-student/Student HTTP/1.1" 404 1047
127.0.0.1 - - [07/Dec/2019:09:48:07 +0530] "GET / HTTP/1.1" 404 1074
127.0.0.1 - - [07/Dec/2019:09:49:57 +0530] "GET / HTTP/1.1" 404 1074
127.0.0.1 - - [07/Dec/2019:09:50:16 +0530] "GET / HTTP/1.1" 404 1074
127.0.0.1 - - [07/Dec/2019:09:50:39 +0530] "GET / HTTP/1.1" 404 1074
0:0:0:0:0:0:0:1 - - [07/Dec/2019:09:51:52 +0530] "GET /librarymanagementsystem/user-login/1/1234567890 HTTP/1.1" 200 106
0:0:0:0:0:0:0:1 - - [07/Dec/2019:09:55:18 +0530] "POST /librarymanagementsystem/add-student HTTP/1.1" 200 116
0:0:0:0:0:0:0:1 - - [07/Dec/2019:09:56:23 +0530] "POST /librarymanagementsystem/add-librarian HTTP/1.1" 200 122
0:0:0:0:0:0:0:1 - - [07/Dec/2019:09:59:44 +0530] "POST /librarymanagementsystem/add-librarian HTTP/1.1" 200 122
127.0.0.1 - - [07/Dec/2019:10:01:57 +0530] "GET / HTTP/1.1" 404 1074
0:0:0:0:0:0:0:1 - - [07/Dec/2019:10:02:08 +0530] "POST /librarymanagementsystem/add-librarian HTTP/1.1" 200 118
0:0:0:0:0:0:0:1 - - [07/Dec/2019:10:02:52 +0530] "GET /librarymanagementsystem/search-student/2 HTTP/1.1" 200 120
127.0.0.1 - - [07/Dec/2019:10:05:34 +0530] "GET / HTTP/1.1" 404 1074
127.0.0.1 - - [07/Dec/2019:10:07:55 +0530] "GET / HTTP/1.1" 404 1074
0:0:0:0:0:0:0:1 - - [07/Dec/2019:10:08:07 +0530] "GET /librarymanagementsystem/search-student/2 HTTP/1.1" 200 120
127.0.0.1 - - [07/Dec/2019:10:11:07 +0530] "GET / HTTP/1.1" 404 1074
0:0:0:0:0:0:0:1 - - [07/Dec/2019:10:11:24 +0530] "GET /librarymanagementsystem/search-student/2 HTTP/1.1" 200 120
127.0.0.1 - - [07/Dec/2019:10:14:23 +0530] "GET / HTTP/1.1" 404 1074
0:0:0:0:0:0:0:1 - - [07/Dec/2019:10:15:00 +0530] "GET /librarymanagementsystem/search-student/2 HTTP/1.1" 200 273
0:0:0:0:0:0:0:1 - - [07/Dec/2019:10:15:08 +0530] "GET /librarymanagementsystem/search-student/1 HTTP/1.1" 200 281
0:0:0:0:0:0:0:1 - - [07/Dec/2019:10:15:21 +0530] "GET /librarymanagementsystem/search-student/4 HTTP/1.1" 200 277
127.0.0.1 - - [07/Dec/2019:10:17:09 +0530] "GET / HTTP/1.1" 404 1074
0:0:0:0:0:0:0:1 - - [07/Dec/2019:10:17:28 +0530] "GET /librarymanagementsystem/search-student/4 HTTP/1.1" 200 120
0:0:0:0:0:0:0:1 - - [07/Dec/2019:10:17:34 +0530] "GET /librarymanagementsystem/search-student/1 HTTP/1.1" 200 120
0:0:0:0:0:0:0:1 - - [07/Dec/2019:10:17:39 +0530] "GET /librarymanagementsystem/search-student/2 HTTP/1.1" 200 120
0:0:0:0:0:0:0:1 - - [07/Dec/2019:10:17:45 +0530] "GET /librarymanagementsystem/search-student/3 HTTP/1.1" 200 120
127.0.0.1 - - [07/Dec/2019:10:18:15 +0530] "GET / HTTP/1.1" 404 1074
0:0:0:0:0:0:0:1 - - [07/Dec/2019:10:18:23 +0530] "GET /librarymanagementsystem/search-student/3 HTTP/1.1" 200 120
0:0:0:0:0:0:0:1 - - [07/Dec/2019:10:18:28 +0530] "GET /librarymanagementsystem/search-student/2 HTTP/1.1" 200 120
0:0:0:0:0:0:0:1 - - [07/Dec/2019:10:18:34 +0530] "GET /librarymanagementsystem/search-student/1 HTTP/1.1" 200 120
0:0:0:0:0:0:0:1 - - [07/Dec/2019:10:19:27 +0530] "GET /librarymanagementsystem/search-student/1 HTTP/1.1" 200 281
0:0:0:0:0:0:0:1 - - [07/Dec/2019:10:19:32 +0530] "GET /librarymanagementsystem/search-student/2 HTTP/1.1" 200 273
127.0.0.1 - - [07/Dec/2019:10:20:38 +0530] "GET / HTTP/1.1" 404 1074
0:0:0:0:0:0:0:1 - - [07/Dec/2019:10:20:52 +0530] "GET /librarymanagementsystem/search-student/2 HTTP/1.1" 200 120
0:0:0:0:0:0:0:1 - - [07/Dec/2019:10:20:59 +0530] "GET /librarymanagementsystem/search-student/1 HTTP/1.1" 200 120
127.0.0.1 - - [07/Dec/2019:10:22:13 +0530] "GET / HTTP/1.1" 404 1074
0:0:0:0:0:0:0:1 - - [07/Dec/2019:10:22:29 +0530] "GET /librarymanagementsystem/search-student/1 HTTP/1.1" 200 281
127.0.0.1 - - [07/Dec/2019:10:23:11 +0530] "GET / HTTP/1.1" 404 1074
0:0:0:0:0:0:0:1 - - [07/Dec/2019:10:23:25 +0530] "GET /librarymanagementsystem/search-student/1 HTTP/1.1" 200 120
0:0:0:0:0:0:0:1 - - [07/Dec/2019:10:23:33 +0530] "GET /librarymanagementsystem/search-student/2 HTTP/1.1" 200 120
0:0:0:0:0:0:0:1 - - [07/Dec/2019:10:23:39 +0530] "GET /librarymanagementsystem/search-student/3 HTTP/1.1" 200 120
127.0.0.1 - - [07/Dec/2019:10:24:13 +0530] "GET / HTTP/1.1" 404 1074
0:0:0:0:0:0:0:1 - - [07/Dec/2019:10:24:25 +0530] "GET /librarymanagementsystem/search-student/3 HTTP/1.1" 200 120
127.0.0.1 - - [07/Dec/2019:10:26:52 +0530] "GET / HTTP/1.1" 404 1074
0:0:0:0:0:0:0:1 - - [07/Dec/2019:10:27:06 +0530] "GET /librarymanagementsystem/search-student/3 HTTP/1.1" 200 120
127.0.0.1 - - [07/Dec/2019:10:29:36 +0530] "GET / HTTP/1.1" 404 1074
0:0:0:0:0:0:0:1 - - [07/Dec/2019:10:29:54 +0530] "GET /librarymanagementsystem/search-student/3 HTTP/1.1" 200 120
0:0:0:0:0:0:0:1 - - [07/Dec/2019:10:30:08 +0530] "GET /librarymanagementsystem/search-student/1 HTTP/1.1" 200 120
0:0:0:0:0:0:0:1 - - [07/Dec/2019:10:30:15 +0530] "GET /librarymanagementsystem/search-student/2 HTTP/1.1" 200 120
0:0:0:0:0:0:0:1 - - [07/Dec/2019:10:30:56 +0530] "GET /librarymanagementsystem/search-student/2 HTTP/1.1" 200 120
0:0:0:0:0:0:0:1 - - [07/Dec/2019:10:30:58 +0530] "GET /librarymanagementsystem/search-student/2 HTTP/1.1" 200 120
127.0.0.1 - - [07/Dec/2019:10:31:22 +0530] "GET / HTTP/1.1" 404 1074
0:0:0:0:0:0:0:1 - - [07/Dec/2019:10:31:34 +0530] "GET /librarymanagementsystem/search-student/2 HTTP/1.1" 200 273
0:0:0:0:0:0:0:1 - - [07/Dec/2019:10:31:42 +0530] "GET /librarymanagementsystem/search-student/1 HTTP/1.1" 200 281
0:0:0:0:0:0:0:1 - - [07/Dec/2019:10:31:48 +0530] "GET /librarymanagementsystem/search-student/3 HTTP/1.1" 200 276
0:0:0:0:0:0:0:1 - - [07/Dec/2019:10:31:53 +0530] "GET /librarymanagementsystem/search-student/4 HTTP/1.1" 200 277
127.0.0.1 - - [07/Dec/2019:10:33:04 +0530] "GET / HTTP/1.1" 404 1074
0:0:0:0:0:0:0:1 - - [07/Dec/2019:10:33:19 +0530] "GET /librarymanagementsystem/search-student/4 HTTP/1.1" 200 277
0:0:0:0:0:0:0:1 - - [07/Dec/2019:10:33:30 +0530] "GET /librarymanagementsystem/search-student/2 HTTP/1.1" 200 273
0:0:0:0:0:0:0:1 - - [07/Dec/2019:10:33:36 +0530] "GET /librarymanagementsystem/search-student/1 HTTP/1.1" 200 281
127.0.0.1 - - [07/Dec/2019:10:34:24 +0530] "GET / HTTP/1.1" 404 1074
127.0.0.1 - - [07/Dec/2019:10:34:41 +0530] "GET / HTTP/1.1" 404 1074
0:0:0:0:0:0:0:1 - - [07/Dec/2019:10:34:53 +0530] "GET /librarymanagementsystem/search-student/1 HTTP/1.1" 200 281
0:0:0:0:0:0:0:1 - - [07/Dec/2019:10:35:00 +0530] "GET /librarymanagementsystem/search-student/2 HTTP/1.1" 200 273
0:0:0:0:0:0:0:1 - - [07/Dec/2019:10:35:06 +0530] "GET /librarymanagementsystem/search-student/3 HTTP/1.1" 200 276
0:0:0:0:0:0:0:1 - - [07/Dec/2019:10:35:20 +0530] "GET /librarymanagementsystem/search-student/3 HTTP/1.1" 200 276
0:0:0:0:0:0:0:1 - - [07/Dec/2019:10:35:32 +0530] "GET /librarymanagementsystem/search-student/1 HTTP/1.1" 200 120
0:0:0:0:0:0:0:1 - - [07/Dec/2019:10:35:38 +0530] "GET /librarymanagementsystem/search-student/2 HTTP/1.1" 200 120
0:0:0:0:0:0:0:1 - - [07/Dec/2019:10:35:44 +0530] "GET /librarymanagementsystem/search-student/3 HTTP/1.1" 200 120
0:0:0:0:0:0:0:1 - - [07/Dec/2019:10:35:49 +0530] "GET /librarymanagementsystem/search-student/4 HTTP/1.1" 200 120
127.0.0.1 - - [07/Dec/2019:10:39:42 +0530] "GET / HTTP/1.1" 404 1074
0:0:0:0:0:0:0:1 - - [07/Dec/2019:10:39:57 +0530] "GET /librarymanagementsystem/search-student/4 HTTP/1.1" 200 275
0:0:0:0:0:0:0:1 - - [07/Dec/2019:10:40:09 +0530] "GET /librarymanagementsystem/search-student/1 HTTP/1.1" 200 283
127.0.0.1 - - [07/Dec/2019:10:41:27 +0530] "GET / HTTP/1.1" 404 1074
0:0:0:0:0:0:0:1 - - [07/Dec/2019:10:41:36 +0530] "GET /librarymanagementsystem/search-student/1 HTTP/1.1" 200 120
0:0:0:0:0:0:0:1 - - [07/Dec/2019:10:41:41 +0530] "GET /librarymanagementsystem/search-student/2 HTTP/1.1" 200 120
0:0:0:0:0:0:0:1 - - [07/Dec/2019:10:41:46 +0530] "GET /librarymanagementsystem/search-student/3 HTTP/1.1" 200 120
0:0:0:0:0:0:0:1 - - [07/Dec/2019:10:47:05 +0530] "GET /librarymanagementsystem/search-allUser HTTP/1.1" 200 765
0:0:0:0:0:0:0:1 - - [07/Dec/2019:10:49:05 +0530] "GET /librarymanagementsystem/update-student HTTP/1.1" 405 1114
0:0:0:0:0:0:0:1 - - [07/Dec/2019:10:49:47 +0530] "PUT /librarymanagementsystem/update-student HTTP/1.1" 200 118
0:0:0:0:0:0:0:1 - - [07/Dec/2019:10:50:55 +0530] "PUT /librarymanagementsystem/update-librarian HTTP/1.1" 200 120
0:0:0:0:0:0:0:1 - - [07/Dec/2019:10:52:12 +0530] "DELETE /librarymanagementsystem/delete-student/3 HTTP/1.1" 200 124
127.0.0.1 - - [07/Dec/2019:10:57:40 +0530] "GET / HTTP/1.1" 404 1074
0:0:0:0:0:0:0:1 - - [07/Dec/2019:10:58:04 +0530] "DELETE /librarymanagementsystem/delete-student/3 HTTP/1.1" 200 124
0:0:0:0:0:0:0:1 - - [07/Dec/2019:10:58:17 +0530] "DELETE /librarymanagementsystem/delete-student/2 HTTP/1.1" 200 124
0:0:0:0:0:0:0:1 - - [07/Dec/2019:10:59:50 +0530] "DELETE /librarymanagementsystem/delete-student/3 HTTP/1.1" 200 120
0:0:0:0:0:0:0:1 - - [07/Dec/2019:11:00:26 +0530] "DELETE /librarymanagementsystem/delete-librarian/4 HTTP/1.1" 200 126
0:0:0:0:0:0:0:1 - - [07/Dec/2019:11:00:40 +0530] "DELETE /librarymanagementsystem/delete-student/4 HTTP/1.1" 200 120
127.0.0.1 - - [07/Dec/2019:11:12:27 +0530] "GET / HTTP/1.1" 404 1074
127.0.0.1 - - [07/Dec/2019:11:12:34 +0530] "GET / HTTP/1.1" 404 1074
0:0:0:0:0:0:0:1 - - [07/Dec/2019:11:13:06 +0530] "DELETE /librarymanagementsystem/search-user/2 HTTP/1.1" 405 1117
0:0:0:0:0:0:0:1 - - [07/Dec/2019:11:13:17 +0530] "GET /librarymanagementsystem/search-user/2 HTTP/1.1" 200 273
0:0:0:0:0:0:0:1 - - [07/Dec/2019:11:13:23 +0530] "GET /librarymanagementsystem/search-user/1 HTTP/1.1" 200 281
0:0:0:0:0:0:0:1 - - [07/Dec/2019:11:13:58 +0530] "GET /librarymanagementsystem/search-user/1 HTTP/1.1" 200 281
0:0:0:0:0:0:0:1 - - [07/Dec/2019:11:14:04 +0530] "GET /librarymanagementsystem/search-user/2 HTTP/1.1" 200 273
127.0.0.1 - - [07/Dec/2019:11:35:16 +0530] "GET / HTTP/1.1" 404 1074
0:0:0:0:0:0:0:1 - - [07/Dec/2019:11:35:52 +0530] "POST /librarymanagementsystem/add-librarian HTTP/1.1" 200 134
0:0:0:0:0:0:0:1 - - [07/Dec/2019:11:36:19 +0530] "POST /librarymanagementsystem/user-login/4/1234567890 HTTP/1.1" 405 1115
0:0:0:0:0:0:0:1 - - [07/Dec/2019:11:36:26 +0530] "GET /librarymanagementsystem/user-login/4/1234567890 HTTP/1.1" 500 4611
127.0.0.1 - - [07/Dec/2019:14:41:58 +0530] "GET / HTTP/1.1" 404 1074
0:0:0:0:0:0:0:1 - - [07/Dec/2019:14:42:36 +0530] "GET /librarymanagementsystem/user-login/4/1234567890 HTTP/1.1" 500 4611
0:0:0:0:0:0:0:1 - - [07/Dec/2019:14:43:14 +0530] "GET /librarymanagementsystem/search-student/1 HTTP/1.1" 500 6840
127.0.0.1 - - [07/Dec/2019:14:46:36 +0530] "GET / HTTP/1.1" 404 1074
0:0:0:0:0:0:0:1 - - [07/Dec/2019:14:46:52 +0530] "GET /librarymanagementsystem/search-student/1 HTTP/1.1" 500 4077
127.0.0.1 - - [07/Dec/2019:14:47:34 +0530] "GET / HTTP/1.1" 404 1074
0:0:0:0:0:0:0:1 - - [07/Dec/2019:14:47:47 +0530] "GET /librarymanagementsystem/search-student/1 HTTP/1.1" 500 4077
127.0.0.1 - - [07/Dec/2019:14:50:10 +0530] "GET / HTTP/1.1" 404 1074
0:0:0:0:0:0:0:1 - - [07/Dec/2019:14:51:25 +0530] "GET /librarymanagementsystem/user-login/1/1234567890 HTTP/1.1" 500 4611
127.0.0.1 - - [07/Dec/2019:14:55:13 +0530] "GET / HTTP/1.1" 404 1074
0:0:0:0:0:0:0:1 - - [07/Dec/2019:14:55:57 +0530] "GET /librarymanagementsystem/user-login/1/1234567890 HTTP/1.1" 500 4611
127.0.0.1 - - [07/Dec/2019:14:57:59 +0530] "GET / HTTP/1.1" 404 1074
0:0:0:0:0:0:0:1 - - [07/Dec/2019:14:58:12 +0530] "GET /librarymanagementsystem/user-login/1/1234567890 HTTP/1.1" 200 106
127.0.0.1 - - [07/Dec/2019:14:59:22 +0530] "GET / HTTP/1.1" 404 1074
0:0:0:0:0:0:0:1 - - [07/Dec/2019:14:59:31 +0530] "GET /librarymanagementsystem/user-login/1/1234567890 HTTP/1.1" 200 122
0:0:0:0:0:0:0:1 - - [07/Dec/2019:15:00:36 +0530] "POST /librarymanagementsystem/add-student HTTP/1.1" 200 132
0:0:0:0:0:0:0:1 - - [07/Dec/2019:15:01:18 +0530] "POST /librarymanagementsystem/add-librarian HTTP/1.1" 200 134
0:0:0:0:0:0:0:1 - - [07/Dec/2019:15:01:22 +0530] "POST /librarymanagementsystem/add-librarian HTTP/1.1" 200 138
0:0:0:0:0:0:0:1 - - [07/Dec/2019:15:03:22 +0530] "POST /librarymanagementsystem/search-user/5 HTTP/1.1" 405 1115
0:0:0:0:0:0:0:1 - - [07/Dec/2019:15:03:29 +0530] "GET /librarymanagementsystem/search-user/5 HTTP/1.1" 200 297
0:0:0:0:0:0:0:1 - - [07/Dec/2019:15:03:34 +0530] "GET /librarymanagementsystem/search-user/1 HTTP/1.1" 200 297
0:0:0:0:0:0:0:1 - - [07/Dec/2019:15:03:43 +0530] "GET /librarymanagementsystem/search-allUser HTTP/1.1" 200 939
0:0:0:0:0:0:0:1 - - [07/Dec/2019:15:04:22 +0530] "GET /librarymanagementsystem/delete-student/2 HTTP/1.1" 405 1114
0:0:0:0:0:0:0:1 - - [07/Dec/2019:15:04:28 +0530] "DELETE /librarymanagementsystem/delete-student/2 HTTP/1.1" 200 136
0:0:0:0:0:0:0:1 - - [07/Dec/2019:15:04:40 +0530] "DELETE /librarymanagementsystem/delete-student/4 HTTP/1.1" 200 136
127.0.0.1 - - [07/Dec/2019:15:24:44 +0530] "GET / HTTP/1.1" 404 1074
0:0:0:0:0:0:0:1 - - [07/Dec/2019:15:25:15 +0530] "GET /librarymanagementsystem/user-login/2/1234567890 HTTP/1.1" 200 120
0:0:0:0:0:0:0:1 - - [07/Dec/2019:15:25:45 +0530] "GET /librarymanagementsystem/user-login/3/1234567890 HTTP/1.1" 200 121
0:0:0:0:0:0:0:1 - - [07/Dec/2019:15:25:50 +0530] "GET /librarymanagementsystem/user-login/5/1234567890 HTTP/1.1" 200 121
0:0:0:0:0:0:0:1 - - [07/Dec/2019:15:25:55 +0530] "GET /librarymanagementsystem/user-login/1/1234567890 HTTP/1.1" 200 121
0:0:0:0:0:0:0:1 - - [07/Dec/2019:15:28:07 +0530] "POST /librarymanagementsystem/add-book HTTP/1.1" 200 126
0:0:0:0:0:0:0:1 - - [07/Dec/2019:15:28:45 +0530] "POST /librarymanagementsystem/add-book HTTP/1.1" 200 126
0:0:0:0:0:0:0:1 - - [07/Dec/2019:15:29:06 +0530] "POST /librarymanagementsystem/add-book HTTP/1.1" 200 126
0:0:0:0:0:0:0:1 - - [07/Dec/2019:15:29:27 +0530] "POST /librarymanagementsystem/add-book HTTP/1.1" 200 126
0:0:0:0:0:0:0:1 - - [07/Dec/2019:15:29:32 +0530] "POST /librarymanagementsystem/add-book HTTP/1.1" 200 131
0:0:0:0:0:0:0:1 - - [07/Dec/2019:15:30:54 +0530] "GET /librarymanagementsystem/search-book/HTML HTTP/1.1" 200 215
0:0:0:0:0:0:0:1 - - [07/Dec/2019:15:31:12 +0530] "GET /librarymanagementsystem/search-book/JAVA HTTP/1.1" 200 214
0:0:0:0:0:0:0:1 - - [07/Dec/2019:15:32:03 +0530] "GET /librarymanagementsystem/search-all-books HTTP/1.1" 200 485
0:0:0:0:0:0:0:1 - - [07/Dec/2019:15:32:55 +0530] "DELETE /librarymanagementsystem/remove-book/HTML HTTP/1.1" 400 1127
0:0:0:0:0:0:0:1 - - [07/Dec/2019:15:33:09 +0530] "DELETE /librarymanagementsystem/remove-book/4 HTTP/1.1" 200 128
0:0:0:0:0:0:0:1 - - [07/Dec/2019:15:35:59 +0530] "DELETE /librarymanagementsystem/issue-book/3/1 HTTP/1.1" 200 128
127.0.0.1 - - [07/Dec/2019:16:30:26 +0530] "GET / HTTP/1.1" 404 1074
0:0:0:0:0:0:0:1 - - [07/Dec/2019:16:31:36 +0530] "DELETE /librarymanagementsystem/user-login/3/1234567890 HTTP/1.1" 405 1117
0:0:0:0:0:0:0:1 - - [07/Dec/2019:16:31:43 +0530] "GET /librarymanagementsystem/user-login/3/1234567890 HTTP/1.1" 200 121
0:0:0:0:0:0:0:1 - - [07/Dec/2019:16:32:39 +0530] "GET /librarymanagementsystem/search-bookByName/JAVA HTTP/1.1" 500 488259
0:0:0:0:0:0:0:1 - - [07/Dec/2019:16:32:51 +0530] "GET /librarymanagementsystem/search-bookByName/JAVA HTTP/1.1" 500 440223
127.0.0.1 - - [07/Dec/2019:16:33:52 +0530] "GET / HTTP/1.1" 404 1074
0:0:0:0:0:0:0:1 - - [07/Dec/2019:16:34:12 +0530] "GET /librarymanagementsystem/search-bookByName/JAVA HTTP/1.1" 500 488269
127.0.0.1 - - [07/Dec/2019:16:36:08 +0530] "GET / HTTP/1.1" 404 1074
0:0:0:0:0:0:0:1 - - [07/Dec/2019:16:38:30 +0530] "GET /librarymanagementsystem/search-bookByName/JAVA HTTP/1.1" 500 488269
0:0:0:0:0:0:0:1 - - [07/Dec/2019:16:39:06 +0530] "GET /librarymanagementsystem/search-bookByName/JAVA HTTP/1.1" 500 442800
0:0:0:0:0:0:0:1 - - [07/Dec/2019:16:39:30 +0530] "POST /librarymanagementsystem/search-bookByName/JAVA HTTP/1.1" 405 1115
0:0:0:0:0:0:0:1 - - [07/Dec/2019:16:39:36 +0530] "GET /librarymanagementsystem/search-bookByName/JAVA HTTP/1.1" 500 608331
127.0.0.1 - - [07/Dec/2019:16:40:48 +0530] "GET / HTTP/1.1" 404 1074
0:0:0:0:0:0:0:1 - - [07/Dec/2019:16:40:59 +0530] "GET /librarymanagementsystem/search-bookByName/JAVA HTTP/1.1" 500 488269
127.0.0.1 - - [07/Dec/2019:16:42:31 +0530] "GET / HTTP/1.1" 404 1074
0:0:0:0:0:0:0:1 - - [07/Dec/2019:16:43:21 +0530] "GET /librarymanagementsystem/search-all-books HTTP/1.1" 500 488266
0:0:0:0:0:0:0:1 - - [07/Dec/2019:16:43:57 +0530] "GET /librarymanagementsystem/search-allbooks HTTP/1.1" 500 440231
0:0:0:0:0:0:0:1 - - [07/Dec/2019:16:43:58 +0530] "GET /librarymanagementsystem/search-allbooks HTTP/1.1" 500 606806
127.0.0.1 - - [07/Dec/2019:16:45:26 +0530] "GET / HTTP/1.1" 404 1074
0:0:0:0:0:0:0:1 - - [07/Dec/2019:16:46:04 +0530] "GET /librarymanagementsystem/search-allbooks HTTP/1.1" 500 488266
0:0:0:0:0:0:0:1 - - [07/Dec/2019:16:46:16 +0530] "GET /librarymanagementsystem/search-bookByName/JAVA HTTP/1.1" 500 464250
127.0.0.1 - - [07/Dec/2019:16:47:00 +0530] "GET / HTTP/1.1" 404 1074
0:0:0:0:0:0:0:1 - - [07/Dec/2019:16:47:20 +0530] "GET /librarymanagementsystem/search-bookByName/JAVA HTTP/1.1" 500 492006
127.0.0.1 - - [07/Dec/2019:16:49:49 +0530] "GET / HTTP/1.1" 404 1074
127.0.0.1 - - [07/Dec/2019:16:49:59 +0530] "GET / HTTP/1.1" 404 1074
127.0.0.1 - - [07/Dec/2019:16:50:08 +0530] "GET / HTTP/1.1" 404 1074
0:0:0:0:0:0:0:1 - - [07/Dec/2019:16:50:47 +0530] "GET /librarymanagementsystem/search-bookByName/Hibernate HTTP/1.1" 200 219
0:0:0:0:0:0:0:1 - - [07/Dec/2019:16:50:56 +0530] "GET /librarymanagementsystem/search-bookByName/JAVA HTTP/1.1" 500 492006
0:0:0:0:0:0:0:1 - - [07/Dec/2019:16:51:06 +0530] "GET /librarymanagementsystem/search-bookByName/JAVA HTTP/1.1" 500 440223
0:0:0:0:0:0:0:1 - - [07/Dec/2019:16:51:07 +0530] "GET /librarymanagementsystem/search-bookByName/JAVA HTTP/1.1" 500 606800
0:0:0:0:0:0:0:1 - - [07/Dec/2019:16:51:07 +0530] "GET /librarymanagementsystem/search-bookByName/JAVA HTTP/1.1" 500 606806
0:0:0:0:0:0:0:1 - - [07/Dec/2019:16:51:08 +0530] "GET /librarymanagementsystem/search-bookByName/JAVA HTTP/1.1" 500 608323
0:0:0:0:0:0:0:1 - - [07/Dec/2019:16:51:08 +0530] "GET /librarymanagementsystem/search-bookByName/JAVA HTTP/1.1" 500 606806
0:0:0:0:0:0:0:1 - - [07/Dec/2019:16:51:19 +0530] "GET /librarymanagementsystem/search-bookByName/Springs HTTP/1.1" 200 220
0:0:0:0:0:0:0:1 - - [07/Dec/2019:16:51:31 +0530] "GET /librarymanagementsystem/search-bookByName/Java HTTP/1.1" 500 640332
0:0:0:0:0:0:0:1 - - [07/Dec/2019:16:51:40 +0530] "GET /librarymanagementsystem/search-bookByName/JAVA HTTP/1.1" 500 1016528
0:0:0:0:0:0:0:1 - - [07/Dec/2019:16:51:50 +0530] "GET /librarymanagementsystem/search-bookByName/Hibernate HTTP/1.1" 200 219
0:0:0:0:0:0:0:1 - - [07/Dec/2019:16:52:25 +0530] "GET /librarymanagementsystem/search-allbooks HTTP/1.1" 500 1000525
0:0:0:0:0:0:0:1 - - [07/Dec/2019:16:52:26 +0530] "GET /librarymanagementsystem/search-allbooks HTTP/1.1" 500 968505
0:0:0:0:0:0:0:1 - - [07/Dec/2019:16:52:27 +0530] "GET /librarymanagementsystem/search-allbooks HTTP/1.1" 500 968505
0:0:0:0:0:0:0:1 - - [07/Dec/2019:16:52:27 +0530] "GET /librarymanagementsystem/search-allbooks HTTP/1.1" 500 968505
0:0:0:0:0:0:0:1 - - [07/Dec/2019:16:52:27 +0530] "GET /librarymanagementsystem/search-allbooks HTTP/1.1" 500 896473
0:0:0:0:0:0:0:1 - - [07/Dec/2019:16:52:27 +0530] "GET /librarymanagementsystem/search-allbooks HTTP/1.1" 500 920485
0:0:0:0:0:0:0:1 - - [07/Dec/2019:16:52:28 +0530] "GET /librarymanagementsystem/search-allbooks HTTP/1.1" 500 920485
0:0:0:0:0:0:0:1 - - [07/Dec/2019:16:52:28 +0530] "GET /librarymanagementsystem/search-allbooks HTTP/1.1" 500 926606
0:0:0:0:0:0:0:1 - - [07/Dec/2019:16:52:28 +0530] "GET /librarymanagementsystem/search-allbooks HTTP/1.1" 500 926600
0:0:0:0:0:0:0:1 - - [07/Dec/2019:16:52:28 +0530] "GET /librarymanagementsystem/search-allbooks HTTP/1.1" 500 3682
127.0.0.1 - - [07/Dec/2019:16:53:44 +0530] "GET / HTTP/1.1" 404 1074
0:0:0:0:0:0:0:1 - - [07/Dec/2019:16:54:14 +0530] "GET /librarymanagementsystem/search-allbooks HTTP/1.1" 500 488266
0:0:0:0:0:0:0:1 - - [07/Dec/2019:16:54:16 +0530] "GET /librarymanagementsystem/search-allbooks HTTP/1.1" 500 442800
0:0:0:0:0:0:0:1 - - [07/Dec/2019:16:54:16 +0530] "GET /librarymanagementsystem/search-allbooks HTTP/1.1" 500 606806
0:0:0:0:0:0:0:1 - - [07/Dec/2019:16:54:17 +0530] "GET /librarymanagementsystem/search-allbooks HTTP/1.1" 500 606806
0:0:0:0:0:0:0:1 - - [07/Dec/2019:16:54:17 +0530] "GET /librarymanagementsystem/search-allbooks HTTP/1.1" 500 606806
0:0:0:0:0:0:0:1 - - [07/Dec/2019:16:54:17 +0530] "GET /librarymanagementsystem/search-allbooks HTTP/1.1" 500 606800
0:0:0:0:0:0:0:1 - - [07/Dec/2019:16:54:18 +0530] "GET /librarymanagementsystem/search-allbooks HTTP/1.1" 500 606800
0:0:0:0:0:0:0:1 - - [07/Dec/2019:16:54:19 +0530] "GET /librarymanagementsystem/search-allbooks HTTP/1.1" 500 920495
0:0:0:0:0:0:0:1 - - [07/Dec/2019:16:54:19 +0530] "GET /librarymanagementsystem/search-allbooks HTTP/1.1" 500 926600
0:0:0:0:0:0:0:1 - - [07/Dec/2019:16:54:19 +0530] "GET /librarymanagementsystem/search-allbooks HTTP/1.1" 500 924512
0:0:0:0:0:0:0:1 - - [07/Dec/2019:16:54:20 +0530] "GET /librarymanagementsystem/search-allbooks HTTP/1.1" 500 920495
0:0:0:0:0:0:0:1 - - [07/Dec/2019:16:54:20 +0530] "GET /librarymanagementsystem/search-allbooks HTTP/1.1" 500 926606
0:0:0:0:0:0:0:1 - - [07/Dec/2019:16:54:20 +0530] "GET /librarymanagementsystem/search-allbooks HTTP/1.1" 500 920495
0:0:0:0:0:0:0:1 - - [07/Dec/2019:16:54:21 +0530] "GET /librarymanagementsystem/search-allbooks HTTP/1.1" 500 920495
0:0:0:0:0:0:0:1 - - [07/Dec/2019:16:54:21 +0530] "GET /librarymanagementsystem/search-allbooks HTTP/1.1" 500 920495
0:0:0:0:0:0:0:1 - - [07/Dec/2019:16:54:21 +0530] "GET /librarymanagementsystem/search-allbooks HTTP/1.1" 500 920495
0:0:0:0:0:0:0:1 - - [07/Dec/2019:16:54:22 +0530] "GET /librarymanagementsystem/search-allbooks HTTP/1.1" 500 920495
0:0:0:0:0:0:0:1 - - [07/Dec/2019:16:54:22 +0530] "GET /librarymanagementsystem/search-allbooks HTTP/1.1" 500 920495
0:0:0:0:0:0:0:1 - - [07/Dec/2019:16:54:22 +0530] "GET /librarymanagementsystem/search-allbooks HTTP/1.1" 500 926600
0:0:0:0:0:0:0:1 - - [07/Dec/2019:16:54:22 +0530] "GET /librarymanagementsystem/search-allbooks HTTP/1.1" 500 924512
0:0:0:0:0:0:0:1 - - [07/Dec/2019:16:54:23 +0530] "GET /librarymanagementsystem/search-allbooks HTTP/1.1" 200 130
0:0:0:0:0:0:0:1 - - [07/Dec/2019:16:54:23 +0530] "GET /librarymanagementsystem/search-allbooks HTTP/1.1" 200 130
0:0:0:0:0:0:0:1 - - [07/Dec/2019:16:54:23 +0530] "GET /librarymanagementsystem/search-allbooks HTTP/1.1" 200 130
0:0:0:0:0:0:0:1 - - [07/Dec/2019:16:54:57 +0530] "GET /librarymanagementsystem/search-allbooks HTTP/1.1" 200 130
127.0.0.1 - - [07/Dec/2019:16:57:48 +0530] "GET / HTTP/1.1" 404 1074
0:0:0:0:0:0:0:1 - - [07/Dec/2019:16:58:03 +0530] "GET /librarymanagementsystem/search-bookByName/Hibernate HTTP/1.1" 200 219
0:0:0:0:0:0:0:1 - - [07/Dec/2019:16:58:15 +0530] "GET /librarymanagementsystem/search-bookByName/JAVA HTTP/1.1" 500 488269
0:0:0:0:0:0:0:1 - - [07/Dec/2019:16:58:17 +0530] "GET /librarymanagementsystem/search-bookByName/JAVA HTTP/1.1" 500 448237
0:0:0:0:0:0:0:1 - - [07/Dec/2019:16:58:17 +0530] "GET /librarymanagementsystem/search-bookByName/JAVA HTTP/1.1" 500 606800
0:0:0:0:0:0:0:1 - - [07/Dec/2019:16:58:25 +0530] "GET /librarymanagementsystem/search-allbooks HTTP/1.1" 500 639606
0:0:0:0:0:0:0:1 - - [07/Dec/2019:16:58:26 +0530] "GET /librarymanagementsystem/search-allbooks HTTP/1.1" 500 606800
0:0:0:0:0:0:0:1 - - [07/Dec/2019:16:58:26 +0530] "GET /librarymanagementsystem/search-allbooks HTTP/1.1" 500 608328
0:0:0:0:0:0:0:1 - - [07/Dec/2019:16:58:26 +0530] "GET /librarymanagementsystem/search-allbooks HTTP/1.1" 500 606806
0:0:0:0:0:0:0:1 - - [07/Dec/2019:16:58:27 +0530] "GET /librarymanagementsystem/search-allbooks HTTP/1.1" 500 902006
0:0:0:0:0:0:0:1 - - [07/Dec/2019:16:58:27 +0530] "GET /librarymanagementsystem/search-allbooks HTTP/1.1" 500 926600
0:0:0:0:0:0:0:1 - - [07/Dec/2019:16:58:27 +0530] "GET /librarymanagementsystem/search-allbooks HTTP/1.1" 500 924512
0:0:0:0:0:0:0:1 - - [07/Dec/2019:16:58:28 +0530] "GET /librarymanagementsystem/search-allbooks HTTP/1.1" 500 920495
0:0:0:0:0:0:0:1 - - [07/Dec/2019:16:58:28 +0530] "GET /librarymanagementsystem/search-allbooks HTTP/1.1" 500 920495
0:0:0:0:0:0:0:1 - - [07/Dec/2019:16:58:28 +0530] "GET /librarymanagementsystem/search-allbooks HTTP/1.1" 500 920495
0:0:0:0:0:0:0:1 - - [07/Dec/2019:16:58:29 +0530] "GET /librarymanagementsystem/search-allbooks HTTP/1.1" 500 920495
0:0:0:0:0:0:0:1 - - [07/Dec/2019:16:58:29 +0530] "GET /librarymanagementsystem/search-allbooks HTTP/1.1" 500 920495
0:0:0:0:0:0:0:1 - - [07/Dec/2019:16:58:29 +0530] "GET /librarymanagementsystem/search-allbooks HTTP/1.1" 500 926606
0:0:0:0:0:0:0:1 - - [07/Dec/2019:16:58:30 +0530] "GET /librarymanagementsystem/search-allbooks HTTP/1.1" 500 926600
0:0:0:0:0:0:0:1 - - [07/Dec/2019:16:58:30 +0530] "GET /librarymanagementsystem/search-allbooks HTTP/1.1" 500 920495
0:0:0:0:0:0:0:1 - - [07/Dec/2019:16:58:30 +0530] "GET /librarymanagementsystem/search-allbooks HTTP/1.1" 500 926600
0:0:0:0:0:0:0:1 - - [07/Dec/2019:16:58:31 +0530] "GET /librarymanagementsystem/search-allbooks HTTP/1.1" 200 130
0:0:0:0:0:0:0:1 - - [07/Dec/2019:16:58:31 +0530] "GET /librarymanagementsystem/search-allbooks HTTP/1.1" 200 130
0:0:0:0:0:0:0:1 - - [07/Dec/2019:16:58:31 +0530] "GET /librarymanagementsystem/search-allbooks HTTP/1.1" 200 130
0:0:0:0:0:0:0:1 - - [07/Dec/2019:16:58:32 +0530] "GET /librarymanagementsystem/search-allbooks HTTP/1.1" 200 130
0:0:0:0:0:0:0:1 - - [07/Dec/2019:17:00:03 +0530] "GET /librarymanagementsystem/requestBook/5/2 HTTP/1.1" 500 5565
0:0:0:0:0:0:0:1 - - [07/Dec/2019:17:04:20 +0530] "GET /librarymanagementsystem/requestBook/3/2 HTTP/1.1" 500 5565
0:0:0:0:0:0:0:1 - - [07/Dec/2019:17:04:21 +0530] "GET /librarymanagementsystem/requestBook/3/2 HTTP/1.1" 500 5565
0:0:0:0:0:0:0:1 - - [07/Dec/2019:17:04:22 +0530] "GET /librarymanagementsystem/requestBook/3/2 HTTP/1.1" 500 5565
0:0:0:0:0:0:0:1 - - [07/Dec/2019:17:04:22 +0530] "GET /librarymanagementsystem/requestBook/3/2 HTTP/1.1" 500 5565
0:0:0:0:0:0:0:1 - - [07/Dec/2019:17:04:22 +0530] "GET /librarymanagementsystem/requestBook/3/2 HTTP/1.1" 500 5565
0:0:0:0:0:0:0:1 - - [07/Dec/2019:17:04:22 +0530] "GET /librarymanagementsystem/requestBook/3/2 HTTP/1.1" 500 5565
0:0:0:0:0:0:0:1 - - [07/Dec/2019:17:04:23 +0530] "GET /librarymanagementsystem/requestBook/3/2 HTTP/1.1" 500 5565
0:0:0:0:0:0:0:1 - - [07/Dec/2019:17:04:23 +0530] "GET /librarymanagementsystem/requestBook/3/2 HTTP/1.1" 500 5565
0:0:0:0:0:0:0:1 - - [07/Dec/2019:17:04:23 +0530] "GET /librarymanagementsystem/requestBook/3/2 HTTP/1.1" 500 5565
0:0:0:0:0:0:0:1 - - [07/Dec/2019:17:04:24 +0530] "GET /librarymanagementsystem/requestBook/3/2 HTTP/1.1" 500 5565
127.0.0.1 - - [07/Dec/2019:17:09:28 +0530] "GET / HTTP/1.1" 404 1074
127.0.0.1 - - [07/Dec/2019:17:10:21 +0530] "GET / HTTP/1.1" 404 1074
127.0.0.1 - - [07/Dec/2019:17:14:36 +0530] "GET / HTTP/1.1" 404 1074
0:0:0:0:0:0:0:1 - - [07/Dec/2019:17:14:53 +0530] "GET /librarymanagementsystem/requestBook/3/2 HTTP/1.1" 200 123
0:0:0:0:0:0:0:1 - - [07/Dec/2019:17:17:30 +0530] "GET /librarymanagementsystem/cancelRequest/1/3 HTTP/1.1" 404 1047
0:0:0:0:0:0:0:1 - - [07/Dec/2019:17:17:37 +0530] "POST /librarymanagementsystem/cancelRequest/1/3 HTTP/1.1" 404 1047
0:0:0:0:0:0:0:1 - - [07/Dec/2019:17:17:38 +0530] "POST /librarymanagementsystem/cancelRequest/1/3 HTTP/1.1" 404 1047
0:0:0:0:0:0:0:1 - - [07/Dec/2019:17:17:39 +0530] "POST /librarymanagementsystem/cancelRequest/1/3 HTTP/1.1" 404 1047
0:0:0:0:0:0:0:1 - - [07/Dec/2019:17:18:47 +0530] "POST /librarymanagementsystem/cancelRequest/1 HTTP/1.1" 200 130
0:0:0:0:0:0:0:1 - - [07/Dec/2019:17:19:09 +0530] "POST /librarymanagementsystem/requestBook/3/2 HTTP/1.1" 405 1115
0:0:0:0:0:0:0:1 - - [07/Dec/2019:17:19:14 +0530] "GET /librarymanagementsystem/requestBook/3/2 HTTP/1.1" 200 123
0:0:0:0:0:0:0:1 - - [07/Dec/2019:17:19:57 +0530] "GET /librarymanagementsystem/accept-request/2 HTTP/1.1" 200 129
127.0.0.1 - - [07/Dec/2019:20:38:25 +0530] "GET / HTTP/1.1" 404 1074
0:0:0:0:0:0:0:1 - - [07/Dec/2019:20:38:59 +0530] "GET /librarymanagementsystem/allIssuedBooks HTTP/1.1" 400 1127
127.0.0.1 - - [07/Dec/2019:21:05:50 +0530] "GET / HTTP/1.1" 404 1074
127.0.0.1 - - [07/Dec/2019:21:28:35 +0530] "GET / HTTP/1.1" 404 1074
0:0:0:0:0:0:0:1 - - [07/Dec/2019:21:29:03 +0530] "GET /librarymanagementsystem/showAllRequests HTTP/1.1" 200 190
127.0.0.1 - - [07/Dec/2019:21:47:17 +0530] "GET / HTTP/1.1" 404 1074
0:0:0:0:0:0:0:1 - - [07/Dec/2019:21:47:36 +0530] "GET /librarymanagementsystem/show-allIssuedBooks HTTP/1.1" 500 492000
0:0:0:0:0:0:0:1 - - [07/Dec/2019:21:47:39 +0530] "GET /librarymanagementsystem/show-allIssuedBooks HTTP/1.1" 500 464267
0:0:0:0:0:0:0:1 - - [07/Dec/2019:21:47:40 +0530] "GET /librarymanagementsystem/show-allIssuedBooks HTTP/1.1" 500 624358
0:0:0:0:0:0:0:1 - - [07/Dec/2019:21:47:40 +0530] "GET /librarymanagementsystem/show-allIssuedBooks HTTP/1.1" 500 624358
0:0:0:0:0:0:0:1 - - [07/Dec/2019:21:47:40 +0530] "GET /librarymanagementsystem/show-allIssuedBooks HTTP/1.1" 500 624358
0:0:0:0:0:0:0:1 - - [07/Dec/2019:21:47:41 +0530] "GET /librarymanagementsystem/show-allIssuedBooks HTTP/1.1" 500 624358
0:0:0:0:0:0:0:1 - - [07/Dec/2019:21:47:41 +0530] "GET /librarymanagementsystem/show-allIssuedBooks HTTP/1.1" 500 624358
0:0:0:0:0:0:0:1 - - [07/Dec/2019:21:47:41 +0530] "GET /librarymanagementsystem/show-allIssuedBooks HTTP/1.1" 500 624358
0:0:0:0:0:0:0:1 - - [07/Dec/2019:21:47:42 +0530] "GET /librarymanagementsystem/show-allIssuedBooks HTTP/1.1" 500 968532
0:0:0:0:0:0:0:1 - - [07/Dec/2019:21:47:42 +0530] "GET /librarymanagementsystem/show-allIssuedBooks HTTP/1.1" 500 968532
0:0:0:0:0:0:0:1 - - [07/Dec/2019:21:47:42 +0530] "GET /librarymanagementsystem/show-allIssuedBooks HTTP/1.1" 500 968532
0:0:0:0:0:0:0:1 - - [07/Dec/2019:21:47:43 +0530] "GET /librarymanagementsystem/show-allIssuedBooks HTTP/1.1" 500 968532
0:0:0:0:0:0:0:1 - - [07/Dec/2019:21:47:43 +0530] "GET /librarymanagementsystem/show-allIssuedBooks HTTP/1.1" 500 968532
0:0:0:0:0:0:0:1 - - [07/Dec/2019:21:47:43 +0530] "GET /librarymanagementsystem/show-allIssuedBooks HTTP/1.1" 500 968532
0:0:0:0:0:0:0:1 - - [07/Dec/2019:21:47:44 +0530] "GET /librarymanagementsystem/show-allIssuedBooks HTTP/1.1" 500 968532
127.0.0.1 - - [07/Dec/2019:21:54:27 +0530] "GET / HTTP/1.1" 404 1074
0:0:0:0:0:0:0:1 - - [07/Dec/2019:21:55:33 +0530] "GET /librarymanagementsystem/show-allIssuedBooks HTTP/1.1" 500 488273
127.0.0.1 - - [07/Dec/2019:21:58:38 +0530] "GET / HTTP/1.1" 404 1074
0:0:0:0:0:0:0:1 - - [07/Dec/2019:21:59:14 +0530] "GET /librarymanagementsystem/show-allIssuedBooks HTTP/1.1" 500 483800
127.0.0.1 - - [07/Dec/2019:22:03:00 +0530] "GET / HTTP/1.1" 404 1074
0:0:0:0:0:0:0:1 - - [07/Dec/2019:22:03:17 +0530] "GET /librarymanagementsystem/show-allIssuedBooks HTTP/1.1" 500 496287
127.0.0.1 - - [07/Dec/2019:22:10:24 +0530] "GET / HTTP/1.1" 404 1074
0:0:0:0:0:0:0:1 - - [07/Dec/2019:22:11:32 +0530] "GET /librarymanagementsystem/showAllRequests HTTP/1.1" 200 216
0:0:0:0:0:0:0:1 - - [07/Dec/2019:22:11:54 +0530] "GET /librarymanagementsystem/show-allIssuedBooks HTTP/1.1" 500 488273
0:0:0:0:0:0:0:1 - - [07/Dec/2019:22:13:25 +0530] "GET /librarymanagementsystem/accept-request/2 HTTP/1.1" 200 155
0:0:0:0:0:0:0:1 - - [07/Dec/2019:22:14:14 +0530] "GET /librarymanagementsystem/show-allIssuedBooks HTTP/1.1" 500 464252
