127.0.0.1 - - [06/Dec/2019:06:58:59 +0530] "GET / HTTP/1.1" 404 1074
127.0.0.1 - - [06/Dec/2019:06:59:17 +0530] "GET / HTTP/1.1" 404 1074
0:0:0:0:0:0:0:1 - - [06/Dec/2019:06:59:59 +0530] "GET /librarymanagementsystem/login-student?studentId=1&studentPassword=1234567890 HTTP/1.1" 500 17381
127.0.0.1 - - [06/Dec/2019:07:02:02 +0530] "GET / HTTP/1.1" 404 1074
0:0:0:0:0:0:0:1 - - [06/Dec/2019:07:02:12 +0530] "GET /librarymanagementsystem/login-student?studentId=1&studentPassword=1234567890 HTTP/1.1" 200 108
127.0.0.1 - - [06/Dec/2019:07:03:57 +0530] "GET / HTTP/1.1" 404 1074
0:0:0:0:0:0:0:1 - - [06/Dec/2019:07:04:28 +0530] "GET /librarymanagementsystem/login-student/1/1234567890 HTTP/1.1" 200 108
0:0:0:0:0:0:0:1 - - [06/Dec/2019:07:04:34 +0530] "GET /librarymanagementsystem/login-student/5/1234567890 HTTP/1.1" 200 107
0:0:0:0:0:0:0:1 - - [06/Dec/2019:07:05:21 +0530] "GET /librarymanagementsystem/search-book/java HTTP/1.1" 500 8423
127.0.0.1 - - [06/Dec/2019:10:36:44 +0530] "GET / HTTP/1.1" 404 1074
0:0:0:0:0:0:0:1 - - [06/Dec/2019:10:38:58 +0530] "GET /librarymanagementsystem/login-librarian/1/girisiri123 HTTP/1.1" 200 115
127.0.0.1 - - [06/Dec/2019:10:49:10 +0530] "GET / HTTP/1.1" 404 1074
0:0:0:0:0:0:0:1 - - [06/Dec/2019:10:52:19 +0530] "POST /librarymanagementsystem/add-book HTTP/1.1" 500 111783
127.0.0.1 - - [06/Dec/2019:10:58:45 +0530] "GET / HTTP/1.1" 404 1074
0:0:0:0:0:0:0:1 - - [06/Dec/2019:10:59:03 +0530] "POST /librarymanagementsystem/add-book HTTP/1.1" 200 115
0:0:0:0:0:0:0:1 - - [06/Dec/2019:11:47:28 +0530] "POST /librarymanagementsystem/add-book HTTP/1.1" 200 115
127.0.0.1 - - [06/Dec/2019:14:41:22 +0530] "GET / HTTP/1.1" 404 1074
0:0:0:0:0:0:0:1 - - [06/Dec/2019:14:42:47 +0530] "GET /librarymanagementsystem/search-bookByName/JAVA HTTP/1.1" 500 8427
127.0.0.1 - - [06/Dec/2019:14:48:40 +0530] "GET / HTTP/1.1" 404 1074
0:0:0:0:0:0:0:1 - - [06/Dec/2019:14:48:49 +0530] "GET /librarymanagementsystem/search-bookByName/JAVA HTTP/1.1" 500 8427
127.0.0.1 - - [06/Dec/2019:14:50:55 +0530] "GET / HTTP/1.1" 404 1074
0:0:0:0:0:0:0:1 - - [06/Dec/2019:14:52:25 +0530] "GET /librarymanagementsystem/search-bookByName/JAVA HTTP/1.1" 500 8427
0:0:0:0:0:0:0:1 - - [06/Dec/2019:14:52:33 +0530] "GET /librarymanagementsystem/search-bookByName/JAVA HTTP/1.1" 500 8427
0:0:0:0:0:0:0:1 - - [06/Dec/2019:14:53:36 +0530] "GET /librarymanagementsystem/search-bookByName/%22JAVA%22 HTTP/1.1" 500 8427
127.0.0.1 - - [06/Dec/2019:15:05:08 +0530] "GET / HTTP/1.1" 404 1074
0:0:0:0:0:0:0:1 - - [06/Dec/2019:15:05:20 +0530] "GET /librarymanagementsystem/search-bookByName/JAVA HTTP/1.1" 500 33680
127.0.0.1 - - [06/Dec/2019:15:08:22 +0530] "GET / HTTP/1.1" 404 1074
0:0:0:0:0:0:0:1 - - [06/Dec/2019:15:08:30 +0530] "GET /librarymanagementsystem/search-bookByName/JAVA HTTP/1.1" 200 199
0:0:0:0:0:0:0:1 - - [06/Dec/2019:15:10:40 +0530] "GET /librarymanagementsystem/search-all-books HTTP/1.1" 200 196
127.0.0.1 - - [06/Dec/2019:16:50:18 +0530] "GET / HTTP/1.1" 404 1074
0:0:0:0:0:0:0:1 - - [06/Dec/2019:16:51:32 +0530] "GET /librarymanagementsystem/login/1/1234567890 HTTP/1.1" 404 1047
0:0:0:0:0:0:0:1 - - [06/Dec/2019:16:51:53 +0530] "GET /librarymanagementsystem/login-student/1/1234567890 HTTP/1.1" 200 108
0:0:0:0:0:0:0:1 - - [06/Dec/2019:16:52:18 +0530] "GET /librarymanagementsystem/search-book/JAVA HTTP/1.1" 500 8423
0:0:0:0:0:0:0:1 - - [06/Dec/2019:16:53:18 +0530] "GET /librarymanagementsystem/search-book/java HTTP/1.1" 500 8423
0:0:0:0:0:0:0:1 - - [06/Dec/2019:16:54:28 +0530] "GET /librarymanagementsystem/search-allbooks HTTP/1.1" 200 196
0:0:0:0:0:0:0:1 - - [06/Dec/2019:16:54:41 +0530] "GET /librarymanagementsystem/search-bookByName/JAVA HTTP/1.1" 200 199
127.0.0.1 - - [06/Dec/2019:17:00:24 +0530] "GET / HTTP/1.1" 404 1074
127.0.0.1 - - [06/Dec/2019:17:01:36 +0530] "GET / HTTP/1.1" 404 1074
0:0:0:0:0:0:0:1 - - [06/Dec/2019:17:01:48 +0530] "GET /librarymanagementsystem/search-bookByName/JAVA HTTP/1.1" 500 8423
127.0.0.1 - - [06/Dec/2019:17:05:39 +0530] "GET / HTTP/1.1" 404 1074
127.0.0.1 - - [06/Dec/2019:17:05:45 +0530] "GET / HTTP/1.1" 404 1074
0:0:0:0:0:0:0:1 - - [06/Dec/2019:17:05:55 +0530] "GET /librarymanagementsystem/search-bookByName/JAVA HTTP/1.1" 200 199
0:0:0:0:0:0:0:1 - - [06/Dec/2019:17:06:32 +0530] "GET /librarymanagementsystem/search-all-books HTTP/1.1" 200 196
0:0:0:0:0:0:0:1 - - [06/Dec/2019:17:07:31 +0530] "GET /librarymanagementsystem/search-allbooks HTTP/1.1" 200 196
0:0:0:0:0:0:0:1 - - [06/Dec/2019:17:08:05 +0530] "GET /librarymanagementsystem/requestBook/1/1 HTTP/1.1" 405 1114
0:0:0:0:0:0:0:1 - - [06/Dec/2019:17:13:15 +0530] "GET /librarymanagementsystem/login-admin/1/1234567890 HTTP/1.1" 200 109
0:0:0:0:0:0:0:1 - - [06/Dec/2019:17:14:06 +0530] "GET /librarymanagementsystem/requestBook/1/1 HTTP/1.1" 405 1114
0:0:0:0:0:0:0:1 - - [06/Dec/2019:17:14:43 +0530] "POST /librarymanagementsystem/requestBook/1/1 HTTP/1.1" 200 104
127.0.0.1 - - [06/Dec/2019:17:16:44 +0530] "GET / HTTP/1.1" 404 1074
0:0:0:0:0:0:0:1 - - [06/Dec/2019:17:17:01 +0530] "POST /librarymanagementsystem/requestBook/1/1 HTTP/1.1" 500 12626
127.0.0.1 - - [06/Dec/2019:17:17:55 +0530] "GET / HTTP/1.1" 404 1074
0:0:0:0:0:0:0:1 - - [06/Dec/2019:17:18:09 +0530] "POST /librarymanagementsystem/requestBook/1/1 HTTP/1.1" 500 12626
127.0.0.1 - - [06/Dec/2019:17:19:09 +0530] "GET / HTTP/1.1" 404 1074
0:0:0:0:0:0:0:1 - - [06/Dec/2019:17:19:16 +0530] "POST /librarymanagementsystem/requestBook/1/1 HTTP/1.1" 200 104
127.0.0.1 - - [06/Dec/2019:17:23:03 +0530] "GET / HTTP/1.1" 404 1074
0:0:0:0:0:0:0:1 - - [06/Dec/2019:17:23:41 +0530] "POST /librarymanagementsystem/requestBook/1/1 HTTP/1.1" 200 104
0:0:0:0:0:0:0:1 - - [06/Dec/2019:17:25:11 +0530] "POST /librarymanagementsystem/login-librarian/1/girisiri123 HTTP/1.1" 405 1115
0:0:0:0:0:0:0:1 - - [06/Dec/2019:17:25:20 +0530] "GET /librarymanagementsystem/login-librarian/1/girisiri123 HTTP/1.1" 200 110
0:0:0:0:0:0:0:1 - - [06/Dec/2019:17:26:24 +0530] "POST /librarymanagementsystem/login-librarian/add-book HTTP/1.1" 404 1047
0:0:0:0:0:0:0:1 - - [06/Dec/2019:17:27:58 +0530] "POST /librarymanagementsystem/add-book HTTP/1.1" 200 110
0:0:0:0:0:0:0:1 - - [06/Dec/2019:17:28:47 +0530] "GET /librarymanagementsystem/search-book/JAVA HTTP/1.1" 200 199
0:0:0:0:0:0:0:1 - - [06/Dec/2019:17:28:58 +0530] "GET /librarymanagementsystem/search-all- HTTP/1.1" 404 1047
0:0:0:0:0:0:0:1 - - [06/Dec/2019:17:29:05 +0530] "GET /librarymanagementsystem/search-all-books HTTP/1.1" 200 291
0:0:0:0:0:0:0:1 - - [06/Dec/2019:17:29:47 +0530] "POST /librarymanagementsystem/add-book HTTP/1.1" 200 110
0:0:0:0:0:0:0:1 - - [06/Dec/2019:17:30:30 +0530] "POST /librarymanagementsystem/remove-book/3 HTTP/1.1" 405 1115
0:0:0:0:0:0:0:1 - - [06/Dec/2019:17:30:38 +0530] "DELETE /librarymanagementsystem/remove-book/3 HTTP/1.1" 200 112
0:0:0:0:0:0:0:1 - - [06/Dec/2019:17:31:15 +0530] "DELETE /librarymanagementsystem/accet-request/1 HTTP/1.1" 404 1047
0:0:0:0:0:0:0:1 - - [06/Dec/2019:17:31:48 +0530] "DELETE /librarymanagementsystem/requestBook/1/1 HTTP/1.1" 405 1117
0:0:0:0:0:0:0:1 - - [06/Dec/2019:17:32:37 +0530] "POST /librarymanagementsystem/requestBook/1/1 HTTP/1.1" 200 104
0:0:0:0:0:0:0:1 - - [06/Dec/2019:17:33:57 +0530] "POST /librarymanagementsystem/requestBook/1/1 HTTP/1.1" 200 104
127.0.0.1 - - [06/Dec/2019:17:40:02 +0530] "GET / HTTP/1.1" 404 1074
0:0:0:0:0:0:0:1 - - [06/Dec/2019:17:40:14 +0530] "POST /librarymanagementsystem/requestBook/1/1 HTTP/1.1" 200 104
127.0.0.1 - - [06/Dec/2019:17:45:01 +0530] "GET / HTTP/1.1" 404 1074
127.0.0.1 - - [06/Dec/2019:17:45:44 +0530] "GET / HTTP/1.1" 404 1074
0:0:0:0:0:0:0:1 - - [06/Dec/2019:17:46:01 +0530] "POST /librarymanagementsystem/requestBook/1/1 HTTP/1.1" 200 104
127.0.0.1 - - [06/Dec/2019:17:46:49 +0530] "GET / HTTP/1.1" 404 1074
0:0:0:0:0:0:0:1 - - [06/Dec/2019:17:47:05 +0530] "PUT /librarymanagementsystem/requestBook/1/1 HTTP/1.1" 200 104
127.0.0.1 - - [06/Dec/2019:17:48:41 +0530] "GET / HTTP/1.1" 404 1074
0:0:0:0:0:0:0:1 - - [06/Dec/2019:17:48:51 +0530] "PUT /librarymanagementsystem/requestBook/1/1 HTTP/1.1" 200 104
127.0.0.1 - - [06/Dec/2019:18:05:38 +0530] "GET / HTTP/1.1" 404 1074
0:0:0:0:0:0:0:1 - - [06/Dec/2019:18:05:47 +0530] "PUT /librarymanagementsystem/requestBook/1/1 HTTP/1.1" 200 104
127.0.0.1 - - [06/Dec/2019:18:07:40 +0530] "GET / HTTP/1.1" 404 1074
0:0:0:0:0:0:0:1 - - [06/Dec/2019:18:08:17 +0530] "PUT /librarymanagementsystem/requestBook/1/1 HTTP/1.1" 200 104
0:0:0:0:0:0:0:1 - - [06/Dec/2019:18:16:39 +0530] "PUT /librarymanagementsystem/requestBook/1/1 HTTP/1.1" 200 104
127.0.0.1 - - [06/Dec/2019:18:16:55 +0530] "GET / HTTP/1.1" 404 1074
0:0:0:0:0:0:0:1 - - [06/Dec/2019:18:17:07 +0530] "PUT /librarymanagementsystem/requestBook/1/1 HTTP/1.1" 200 104
127.0.0.1 - - [06/Dec/2019:18:20:45 +0530] "GET / HTTP/1.1" 404 1074
0:0:0:0:0:0:0:1 - - [06/Dec/2019:18:22:08 +0530] "PUT /librarymanagementsystem/requestBook/1/1 HTTP/1.1" 200 104
0:0:0:0:0:0:0:1 - - [06/Dec/2019:18:25:01 +0530] "PUT /librarymanagementsystem/requestBook/1/1 HTTP/1.1" 200 104
0:0:0:0:0:0:0:1 - - [06/Dec/2019:18:27:20 +0530] "PUT /librarymanagementsystem/requestBook/1/1 HTTP/1.1" 200 104
0:0:0:0:0:0:0:1 - - [06/Dec/2019:18:27:55 +0530] "POST /librarymanagementsystem/requestBook/1/1 HTTP/1.1" 200 104
0:0:0:0:0:0:0:1 - - [06/Dec/2019:18:28:10 +0530] "POST /librarymanagementsystem/requestBook HTTP/1.1" 404 1047
0:0:0:0:0:0:0:1 - - [06/Dec/2019:18:28:29 +0530] "POST /librarymanagementsystem/requestBook HTTP/1.1" 404 1047
0:0:0:0:0:0:0:1 - - [06/Dec/2019:18:28:33 +0530] "POST /librarymanagementsystem/requestBook HTTP/1.1" 404 1047
0:0:0:0:0:0:0:1 - - [06/Dec/2019:18:29:17 +0530] "POST /librarymanagementsystem/requestBook/1/1 HTTP/1.1" 200 104
127.0.0.1 - - [06/Dec/2019:18:29:47 +0530] "GET / HTTP/1.1" 404 1074
0:0:0:0:0:0:0:1 - - [06/Dec/2019:18:29:54 +0530] "POST /librarymanagementsystem/requestBook/1/1 HTTP/1.1" 200 104
127.0.0.1 - - [06/Dec/2019:18:37:00 +0530] "GET / HTTP/1.1" 404 1074
0:0:0:0:0:0:0:1 - - [06/Dec/2019:18:37:11 +0530] "POST /librarymanagementsystem/requestBook/1/1 HTTP/1.1" 200 104
0:0:0:0:0:0:0:1 - - [06/Dec/2019:18:38:29 +0530] "GET /librarymanagementsystem/requestBook/1/1 HTTP/1.1" 200 104
127.0.0.1 - - [06/Dec/2019:18:38:48 +0530] "GET / HTTP/1.1" 404 1074
0:0:0:0:0:0:0:1 - - [06/Dec/2019:18:39:34 +0530] "GET /librarymanagementsystem/requestBook/1/1 HTTP/1.1" 200 104
0:0:0:0:0:0:0:1 - - [06/Dec/2019:18:39:55 +0530] "GET /librarymanagementsystem/requestBook/1/1 HTTP/1.1" 200 104
0:0:0:0:0:0:0:1 - - [06/Dec/2019:18:45:27 +0530] "GET /librarymanagementsystem/requestBook HTTP/1.1" 404 1047
0:0:0:0:0:0:0:1 - - [06/Dec/2019:18:45:39 +0530] "GET /librarymanagementsystem/requestBook/2/2 HTTP/1.1" 200 104
127.0.0.1 - - [06/Dec/2019:19:41:48 +0530] "GET / HTTP/1.1" 404 1074
0:0:0:0:0:0:0:1 - - [06/Dec/2019:19:42:24 +0530] "GET /librarymanagementsystem/requestBook/2/2 HTTP/1.1" 200 104
127.0.0.1 - - [06/Dec/2019:19:43:26 +0530] "GET / HTTP/1.1" 404 1074
0:0:0:0:0:0:0:1 - - [06/Dec/2019:19:43:33 +0530] "GET /librarymanagementsystem/requestBook/2/2 HTTP/1.1" 200 107
0:0:0:0:0:0:0:1 - - [06/Dec/2019:19:48:34 +0530] "POST /librarymanagementsystem/cancelRequest/2/2 HTTP/1.1" 500 4751
127.0.0.1 - - [06/Dec/2019:19:49:49 +0530] "GET / HTTP/1.1" 404 1074
0:0:0:0:0:0:0:1 - - [06/Dec/2019:19:50:06 +0530] "POST /librarymanagementsystem/cancelRequest/2/2 HTTP/1.1" 500 4245
127.0.0.1 - - [06/Dec/2019:19:51:57 +0530] "GET / HTTP/1.1" 404 1074
0:0:0:0:0:0:0:1 - - [06/Dec/2019:19:52:05 +0530] "POST /librarymanagementsystem/cancelRequest/2/2 HTTP/1.1" 500 4146
127.0.0.1 - - [06/Dec/2019:19:53:31 +0530] "GET / HTTP/1.1" 404 1074
0:0:0:0:0:0:0:1 - - [06/Dec/2019:19:53:45 +0530] "POST /librarymanagementsystem/cancelRequest/2/2 HTTP/1.1" 200 109
127.0.0.1 - - [06/Dec/2019:20:00:27 +0530] "GET / HTTP/1.1" 404 1074
0:0:0:0:0:0:0:1 - - [06/Dec/2019:20:00:53 +0530] "POST /librarymanagementsystem/cancelRequest/1 HTTP/1.1" 200 114
0:0:0:0:0:0:0:1 - - [06/Dec/2019:20:01:23 +0530] "POST /librarymanagementsystem/requestBook/1/1 HTTP/1.1" 405 1115
0:0:0:0:0:0:0:1 - - [06/Dec/2019:20:01:34 +0530] "GET /librarymanagementsystem/requestBook/1/1 HTTP/1.1" 200 107
0:0:0:0:0:0:0:1 - - [06/Dec/2019:20:02:13 +0530] "GET /librarymanagementsystem/cancelRequest/1/1 HTTP/1.1" 404 1047
0:0:0:0:0:0:0:1 - - [06/Dec/2019:20:02:19 +0530] "POST /librarymanagementsystem/cancelRequest/1/1 HTTP/1.1" 404 1047
0:0:0:0:0:0:0:1 - - [06/Dec/2019:20:02:30 +0530] "POST /librarymanagementsystem/cancelRequest/1 HTTP/1.1" 200 109
0:0:0:0:0:0:0:1 - - [06/Dec/2019:20:02:36 +0530] "POST /librarymanagementsystem/cancelRequest/0 HTTP/1.1" 200 114
0:0:0:0:0:0:0:1 - - [06/Dec/2019:20:03:24 +0530] "POST /librarymanagementsystem/requestBook/1/1 HTTP/1.1" 405 1115
0:0:0:0:0:0:0:1 - - [06/Dec/2019:20:03:29 +0530] "GET /librarymanagementsystem/requestBook/1/1 HTTP/1.1" 200 107
0:0:0:0:0:0:0:1 - - [06/Dec/2019:20:04:26 +0530] "GET /librarymanagementsystem/accept-request/8 HTTP/1.1" 500 8476
127.0.0.1 - - [06/Dec/2019:20:06:52 +0530] "GET / HTTP/1.1" 404 1074
0:0:0:0:0:0:0:1 - - [06/Dec/2019:20:07:15 +0530] "GET /librarymanagementsystem/accept-request/8 HTTP/1.1" 200 113
127.0.0.1 - - [06/Dec/2019:20:16:18 +0530] "GET / HTTP/1.1" 404 1074
0:0:0:0:0:0:0:1 - - [06/Dec/2019:20:17:09 +0530] "GET /librarymanagementsystem/issue-book/2/2 HTTP/1.1" 405 1114
0:0:0:0:0:0:0:1 - - [06/Dec/2019:20:17:18 +0530] "DELETE /librarymanagementsystem/issue-book/2/2 HTTP/1.1" 200 112
0:0:0:0:0:0:0:1 - - [06/Dec/2019:20:34:30 +0530] "DELETE /librarymanagementsystem/issue-book/2/2 HTTP/1.1" 200 112
